******************************************************************************
                  TI ARM Linker PC v20.2.7                     
******************************************************************************
>> Linked Wed Sep  4 22:33:14 2024

OUTPUT FILE NAME:   <Project_Course_14_ADC_UART.out>
ENTRY POINT SYMBOL: "_c_int00_noargs"  address: 00002271


MEMORY CONFIGURATION

         name            origin    length      used     unused   attr    fill
----------------------  --------  ---------  --------  --------  ----  --------
  FLASH                 00000000   00040000  000024ed  0003db13  R  X
  SRAM                  20000000   00008000  000005f0  00007a10  RW X


SEGMENT ALLOCATION MAP

run origin  load origin   length   init length attrs members
----------  ----------- ---------- ----------- ----- -------
00000000    00000000    000024f0   000024f0    r-x
  00000000    00000000    0000026c   0000026c    r-- .intvecs
  0000026c    0000026c    00002150   00002150    r-x .text
  000023bc    000023bc    00000101   00000101    r-- .const
  000024c0    000024c0    00000030   00000030    r-- .cinit
20000000    20000000    000005f0   00000000    rw-
  20000000    20000000    000003ec   00000000    rw- .bss
  200003ec    200003ec    00000004   00000000    rw- .data
  200003f0    200003f0    00000200   00000000    rw- .stack


SECTION ALLOCATION MAP

 output                                  attributes/
section   page    origin      length       input sections
--------  ----  ----------  ----------   ----------------
.intvecs   0    00000000    0000026c     
                  00000000    0000026c     tm4c123gh6pm_startup_ccs.obj (.intvecs)

.text      0    0000026c    00002150     
                  0000026c    00000a4e     rtsv7M4_T_le_v4SPD16_eabi.lib : _printfi.c.obj (.text:__TI_printfi)
                  00000cba    00000002                                   : div0.asm.obj (.text)
                  00000cbc    00000278     main.obj (.text)
                  00000f34    00000270     rtsv7M4_T_le_v4SPD16_eabi.lib : _printfi.c.obj (.text:_pconv_a)
                  000011a4    000001d0                                   : _printfi.c.obj (.text:_pconv_g)
                  00001374    000001b6                                   : fd_add_t2.asm.obj (.text)
                  0000152a    00000002     --HOLE-- [fill = 0]
                  0000152c    0000013c                                   : _printfi.c.obj (.text:_pconv_e)
                  00001668    00000136                                   : fd_div_t2.asm.obj (.text)
                  0000179e    00000002     --HOLE-- [fill = 0]
                  000017a0    00000124                                   : _printfi.c.obj (.text:fcvt)
                  000018c4    00000110                                   : s_scalbn.c.obj (.text:scalbn)
                  000019d4    000000fc                                   : fd_mul_t2.asm.obj (.text)
                  00001ad0    000000b1                                   : _printfi.c.obj (.text:_ltostr)
                  00001b81    00000001     --HOLE-- [fill = 0]
                  00001b82    0000009c                                   : memcpy_t2.asm.obj (.text)
                  00001c1e    00000096                                   : ull_div_t2.asm.obj (.text)
                  00001cb4    00000086                                   : fd_cmp_t2.asm.obj (.text:__aeabi_cdcmple)
                  00001d3a    00000086                                   : fd_cmp_t2.asm.obj (.text:__aeabi_cdrcmple)
                  00001dc0    0000007a                                   : memset_t2.asm.obj (.text)
                  00001e3a    0000006e                                   : _printfi.c.obj (.text:_mcpy)
                  00001ea8    0000006e                                   : fd_tos_t2.asm.obj (.text)
                  00001f16    00000068                                   : copy_decompress_lzss.c.obj (.text:decompress:lzss:__TI_decompress_lzss)
                  00001f7e    00000002     --HOLE-- [fill = 0]
                  00001f80    00000064                                   : s_frexp.c.obj (.text:frexp)
                  00001fe4    00000056                                   : _printfi.c.obj (.text:_pconv_f)
                  0000203a    00000054                                   : _ltoa.c.obj (.text:__TI_ltoa)
                  0000208e    00000052                                   : _printfi.c.obj (.text:_ecpy)
                  000020e0    0000004c                                   : atoi.c.obj (.text:atoi)
                  0000212c    00000048                                   : fd_toi_t2.asm.obj (.text)
                  00002174    00000044                                   : autoinit.c.obj (.text:__TI_auto_init_nobinit_nopinit:__TI_auto_init_nobinit_nopinit)
                  000021b8    00000040                                   : sprintf.c.obj (.text:sprintf)
                  000021f8    0000003e                                   : _printfi.c.obj (.text:_fcpy)
                  00002236    00000038                                   : fs_tod_t2.asm.obj (.text)
                  0000226e    00000002     --HOLE-- [fill = 0]
                  00002270    00000034                                   : boot_cortex_m.c.obj (.text:_c_int00_noargs:_c_int00_noargs)
                  000022a4    0000002e                                   : i_tofd_t2.asm.obj (.text)
                  000022d2    00000020                                   : u_tofd_t2.asm.obj (.text)
                  000022f2    0000001c                                   : memccpy.c.obj (.text:memccpy)
                  0000230e    0000001a                                   : s_copysign.c.obj (.text:copysign)
                  00002328    00000018                                   : sprintf.c.obj (.text:_outs)
                  00002340    00000016                                   : strchr.c.obj (.text:strchr)
                  00002356    00000014                                   : strlen.c.obj (.text:strlen)
                  0000236a    00000012                                   : wcslen.c.obj (.text:wcslen)
                  0000237c    0000000e                                   : copy_decompress_none.c.obj (.text:decompress:none:__TI_decompress_none)
                  0000238a    0000000c                                   : copy_zero_init.c.obj (.text:decompress:ZI:__TI_zero_init)
                  00002396    0000000c     tm4c123gh6pm_startup_ccs.obj (.text)
                  000023a2    0000000a     rtsv7M4_T_le_v4SPD16_eabi.lib : sprintf.c.obj (.text:_outc)
                  000023ac    00000008                                   : errno.c.obj (.text:__aeabi_errno_addr)
                  000023b4    00000004                                   : pre_init.c.obj (.text:_system_pre_init)
                  000023b8    00000004                                   : exit.c.obj (.text:abort:abort)

.const     0    000023bc    00000101     
                  000023bc    00000101     rtsv7M4_T_le_v4SPD16_eabi.lib : ctype.c.obj (.const:.string:_ctypes_)

.cinit     0    000024c0    00000030     
                  000024c0    0000000c     (__TI_handler_table)
                  000024cc    00000004     --HOLE-- [fill = 0]
                  000024d0    00000008     (.cinit..bss.load) [load image, compression = zero_init]
                  000024d8    00000007     (.cinit..data.load) [load image, compression = lzss]
                  000024df    00000001     --HOLE-- [fill = 0]
                  000024e0    00000010     (__TI_cinit_table)

.init_array 
*          0    00000000    00000000     UNINITIALIZED

.bss       0    20000000    000003ec     UNINITIALIZED
                  20000000    000003e8     (.common:mesg)
                  200003e8    00000004     (.common:voltage)

.data      0    200003ec    00000004     UNINITIALIZED
                  200003ec    00000004     rtsv7M4_T_le_v4SPD16_eabi.lib : errno.c.obj (.data)

.stack     0    200003f0    00000200     UNINITIALIZED
                  200003f0    00000004     rtsv7M4_T_le_v4SPD16_eabi.lib : boot_cortex_m.c.obj (.stack)
                  200003f4    000001fc     --HOLE--

__llvm_prf_cnts 
*          0    20000000    00000000     UNINITIALIZED

MODULE SUMMARY

       Module                         code   ro data   rw data
       ------                         ----   -------   -------
    .\
       main.obj                       632    0         1004   
       tm4c123gh6pm_startup_ccs.obj   12     620       0      
    +--+------------------------------+------+---------+---------+
       Total:                         644    620       1004   
                                                              
    C:\ti\ccs1271\ccs\tools\compiler\ti-cgt-arm_20.2.7.LTS\lib\rtsv7M4_T_le_v4SPD16_eabi.lib
       _printfi.c.obj                 4851   0         0      
       fd_add_t2.asm.obj              438    0         0      
       fd_div_t2.asm.obj              310    0         0      
       s_scalbn.c.obj                 272    0         0      
       fd_cmp_t2.asm.obj              268    0         0      
       ctype.c.obj                    0      257       0      
       fd_mul_t2.asm.obj              252    0         0      
       memcpy_t2.asm.obj              156    0         0      
       ull_div_t2.asm.obj             150    0         0      
       memset_t2.asm.obj              122    0         0      
       fd_tos_t2.asm.obj              110    0         0      
       copy_decompress_lzss.c.obj     104    0         0      
       s_frexp.c.obj                  100    0         0      
       sprintf.c.obj                  98     0         0      
       _ltoa.c.obj                    84     0         0      
       atoi.c.obj                     76     0         0      
       fd_toi_t2.asm.obj              72     0         0      
       autoinit.c.obj                 68     0         0      
       fs_tod_t2.asm.obj              56     0         0      
       boot_cortex_m.c.obj            52     0         0      
       i_tofd_t2.asm.obj              46     0         0      
       u_tofd_t2.asm.obj              32     0         0      
       memccpy.c.obj                  28     0         0      
       s_copysign.c.obj               26     0         0      
       strchr.c.obj                   22     0         0      
       strlen.c.obj                   20     0         0      
       wcslen.c.obj                   18     0         0      
       copy_decompress_none.c.obj     14     0         0      
       copy_zero_init.c.obj           12     0         0      
       errno.c.obj                    8      0         4      
       exit.c.obj                     4      0         0      
       pre_init.c.obj                 4      0         0      
       div0.asm.obj                   2      0         0      
    +--+------------------------------+------+---------+---------+
       Total:                         7875   257       4      
                                                              
       Stack:                         0      0         512    
       Linker Generated:              0      43        0      
    +--+------------------------------+------+---------+---------+
       Grand Total:                   8519   920       1520   


LINKER GENERATED COPY TABLES

__TI_cinit_table @ 000024e0 records: 2, size/record: 8, table size: 16
	.bss: load addr=000024d0, load size=00000008 bytes, run addr=20000000, run size=000003ec bytes, compression=zero_init
	.data: load addr=000024d8, load size=00000007 bytes, run addr=200003ec, run size=00000004 bytes, compression=lzss


LINKER GENERATED HANDLER TABLE

__TI_handler_table @ 000024c0 records: 3, size/record: 4, table size: 12
	index: 0, handler: __TI_decompress_lzss
	index: 1, handler: __TI_decompress_none
	index: 2, handler: __TI_zero_init


GLOBAL SYMBOLS: SORTED ALPHABETICALLY BY Name 

address   name                          
-------   ----                          
000023b9  C$$EXIT                       
00000e21  Delay                         
00002397  ResetISR                      
00000de9  UART5_Transmitter             
00000d8b  UART5_init                    
200005f0  __STACK_END                   
00000200  __STACK_SIZE                  
200005f0  __STACK_TOP                   
000024e0  __TI_CINIT_Base               
000024f0  __TI_CINIT_Limit              
000024c0  __TI_Handler_Table_Base       
000024cc  __TI_Handler_Table_Limit      
00002175  __TI_auto_init_nobinit_nopinit
00001f17  __TI_decompress_lzss          
0000237d  __TI_decompress_none          
0000203b  __TI_ltoa                     
ffffffff  __TI_pprof_out_hndl           
0000026d  __TI_printfi                  
ffffffff  __TI_prof_data_size           
ffffffff  __TI_prof_data_start          
00000000  __TI_static_base__            
0000238b  __TI_zero_init                
00001cb5  __aeabi_cdcmpeq               
00001cb5  __aeabi_cdcmple               
00001d3b  __aeabi_cdrcmple              
00001ea9  __aeabi_d2f                   
0000212d  __aeabi_d2iz                  
0000137f  __aeabi_dadd                  
00001669  __aeabi_ddiv                  
000019d5  __aeabi_dmul                  
00001375  __aeabi_dsub                  
000023ad  __aeabi_errno_addr            
00002237  __aeabi_f2d                   
000022a5  __aeabi_i2d                   
00000cbb  __aeabi_idiv0                 
00000cbb  __aeabi_ldiv0                 
00001dc1  __aeabi_memclr                
00001dc1  __aeabi_memclr4               
00001dc1  __aeabi_memclr8               
00001b83  __aeabi_memcpy                
00001b83  __aeabi_memcpy4               
00001b83  __aeabi_memcpy8               
00001dc3  __aeabi_memset                
00001dc3  __aeabi_memset4               
00001dc3  __aeabi_memset8               
000022d3  __aeabi_ui2d                  
00001c1f  __aeabi_uldivmod              
ffffffff  __binit__                     
ffffffff  __c_args__                    
UNDEFED   __mpu_init                    
200003f0  __stack                       
20000000  __start___llvm_prf_cnts       
20000000  __stop___llvm_prf_cnts        
00002271  _c_int00_noargs               
000023bc  _ctypes_                      
UNDEFED   _system_post_cinit            
000023b5  _system_pre_init              
000023b9  abort                         
000020e1  atoi                          
ffffffff  binit                         
0000230f  copysign                      
0000230f  copysignl                     
200003ec  errno                         
00001f81  frexp                         
00001f81  frexpl                        
00000000  g_pfnVectors                  
000018c5  ldexp                         
000018c5  ldexpl                        
00000cbd  main                          
000022f3  memccpy                       
00001b83  memcpy                        
00001dc9  memset                        
20000000  mesg                          
00000e05  printstring                   
000018c5  scalbn                        
000018c5  scalbnl                       
000021b9  sprintf                       
00002341  strchr                        
00002357  strlen                        
200003e8  voltage                       
0000236b  wcslen                        


GLOBAL SYMBOLS: SORTED BY Symbol Address 

address   name                          
-------   ----                          
00000000  __TI_static_base__            
00000000  g_pfnVectors                  
00000200  __STACK_SIZE                  
0000026d  __TI_printfi                  
00000cbb  __aeabi_idiv0                 
00000cbb  __aeabi_ldiv0                 
00000cbd  main                          
00000d8b  UART5_init                    
00000de9  UART5_Transmitter             
00000e05  printstring                   
00000e21  Delay                         
00001375  __aeabi_dsub                  
0000137f  __aeabi_dadd                  
00001669  __aeabi_ddiv                  
000018c5  ldexp                         
000018c5  ldexpl                        
000018c5  scalbn                        
000018c5  scalbnl                       
000019d5  __aeabi_dmul                  
00001b83  __aeabi_memcpy                
00001b83  __aeabi_memcpy4               
00001b83  __aeabi_memcpy8               
00001b83  memcpy                        
00001c1f  __aeabi_uldivmod              
00001cb5  __aeabi_cdcmpeq               
00001cb5  __aeabi_cdcmple               
00001d3b  __aeabi_cdrcmple              
00001dc1  __aeabi_memclr                
00001dc1  __aeabi_memclr4               
00001dc1  __aeabi_memclr8               
00001dc3  __aeabi_memset                
00001dc3  __aeabi_memset4               
00001dc3  __aeabi_memset8               
00001dc9  memset                        
00001ea9  __aeabi_d2f                   
00001f17  __TI_decompress_lzss          
00001f81  frexp                         
00001f81  frexpl                        
0000203b  __TI_ltoa                     
000020e1  atoi                          
0000212d  __aeabi_d2iz                  
00002175  __TI_auto_init_nobinit_nopinit
000021b9  sprintf                       
00002237  __aeabi_f2d                   
00002271  _c_int00_noargs               
000022a5  __aeabi_i2d                   
000022d3  __aeabi_ui2d                  
000022f3  memccpy                       
0000230f  copysign                      
0000230f  copysignl                     
00002341  strchr                        
00002357  strlen                        
0000236b  wcslen                        
0000237d  __TI_decompress_none          
0000238b  __TI_zero_init                
00002397  ResetISR                      
000023ad  __aeabi_errno_addr            
000023b5  _system_pre_init              
000023b9  C$$EXIT                       
000023b9  abort                         
000023bc  _ctypes_                      
000024c0  __TI_Handler_Table_Base       
000024cc  __TI_Handler_Table_Limit      
000024e0  __TI_CINIT_Base               
000024f0  __TI_CINIT_Limit              
20000000  __start___llvm_prf_cnts       
20000000  __stop___llvm_prf_cnts        
20000000  mesg                          
200003e8  voltage                       
200003ec  errno                         
200003f0  __stack                       
200005f0  __STACK_END                   
200005f0  __STACK_TOP                   
ffffffff  __TI_pprof_out_hndl           
ffffffff  __TI_prof_data_size           
ffffffff  __TI_prof_data_start          
ffffffff  __binit__                     
ffffffff  __c_args__                    
ffffffff  binit                         
UNDEFED   __mpu_init                    
UNDEFED   _system_post_cinit            

[81 symbols]
